**********************
PowerShell transcript start
Start time: 20260920215537
Username: PA-rowyn\student
RunAs User: PA-rowyn\student
Configuration Name: 
Machine: PA-rowyn (Microsoft Windows NT 10.0.26100.0)
Host Application: C:\Program Files\WindowsApps\Microsoft.PowerShell_7.6.6.0_x64__8wekyb3d8bbwe\pwsh.dll -NoProfile -ExecutionPolicy Bypass -Command Import-Module 'c:\Users\student\.vscode\extensions\ms-vscode.powershell-2025.4.0\modules\PowerShellEditorServices\PowerShellEditorServices.psd1'; Start-EditorServices -HostName 'Visual Studio Code Host' -HostProfileId 'Microsoft.VSCode' -HostVersion '2025.4.0' -BundledModulesPath 'c:\Users\student\.vscode\extensions\ms-vscode.powershell-2025.4.0\modules' -EnableConsoleRepl -StartupBanner "PowerShell Extension v2025.4.0
Copyright (c) Microsoft Corporation.

https://aka.ms/vscode-powershell
Type 'help' to get help.
" -LogLevel 'Warning' -LogPath 'c:\Users\student\AppData\Roaming\Code\logs\20260920T214658\window1\exthost\ms-vscode.powershell' -SessionDetailsPath 'c:\Users\student\AppData\Roaming\Code\User\globalStorage\ms-vscode.powershell\sessions\PSES-VSCode-8204-997311.json' -FeatureFlags @() 
Process ID: 9684
PSVersion: 7.6.6
PSEdition: Core
GitCommitId: 7.6.6
OS: Microsoft Windows 10.0.26100
Platform: Win32NT
PSCompatibleVersions: 1.0, 2.0, 3.0, 4.0, 5.0, 5.1, 6.0, 7.0
PSRemotingProtocolVersion: 2.4
SerializationVersion: 1.1.0.1
WSManStackVersion: 3.0
**********************
Transcript started, output file is ..\output\lm3-resourcegroup.log
Confirm
Provided resource group already exists. Are you sure you want to update it?
&Yes  &No  &Suspend
Y

ResourceGroupName : Dev1
Location          : centralus
ProvisioningState : Succeeded
Tags              : 
                    Name         Value
                    ===========  =====
                    Department   IT
                    Environment  Test

ResourceId        : /subscriptions/9acdcabc-d661-4005-9354-58da8f13dcb3/resourceGroups/Dev1

Script execution completed.
**********************
PowerShell transcript end
End time: 20260920215540
**********************
**********************
PowerShell transcript start
Start time: 20260920215553
Username: PA-rowyn\student
RunAs User: PA-rowyn\student
Configuration Name: 
Machine: PA-rowyn (Microsoft Windows NT 10.0.26100.0)
Host Application: C:\Program Files\WindowsApps\Microsoft.PowerShell_7.6.6.0_x64__8wekyb3d8bbwe\pwsh.dll -NoProfile -ExecutionPolicy Bypass -Command Import-Module 'c:\Users\student\.vscode\extensions\ms-vscode.powershell-2025.4.0\modules\PowerShellEditorServices\PowerShellEditorServices.psd1'; Start-EditorServices -HostName 'Visual Studio Code Host' -HostProfileId 'Microsoft.VSCode' -HostVersion '2025.4.0' -BundledModulesPath 'c:\Users\student\.vscode\extensions\ms-vscode.powershell-2025.4.0\modules' -EnableConsoleRepl -StartupBanner "PowerShell Extension v2025.4.0
Copyright (c) Microsoft Corporation.

https://aka.ms/vscode-powershell
Type 'help' to get help.
" -LogLevel 'Warning' -LogPath 'c:\Users\student\AppData\Roaming\Code\logs\20260920T214658\window1\exthost\ms-vscode.powershell' -SessionDetailsPath 'c:\Users\student\AppData\Roaming\Code\User\globalStorage\ms-vscode.powershell\sessions\PSES-VSCode-8204-997311.json' -FeatureFlags @() 
Process ID: 9684
PSVersion: 7.6.6
PSEdition: Core
GitCommitId: 7.6.6
OS: Microsoft Windows 10.0.26100
Platform: Win32NT
PSCompatibleVersions: 1.0, 2.0, 3.0, 4.0, 5.0, 5.1, 6.0, 7.0
PSRemotingProtocolVersion: 2.4
SerializationVersion: 1.1.0.1
WSManStackVersion: 3.0
**********************
Transcript started, output file is ..\output\lm3-resourcegroup.log

ResourceGroupName : RG-1001
Location          : centralus
ProvisioningState : Succeeded
Tags              : 
                    Name         Value
                    ===========  =====
                    Department   IT
                    Environment  Test

ResourceId        : /subscriptions/9acdcabc-d661-4005-9354-58da8f13dcb3/resourceGroups/RG-1001

Script execution completed.
**********************
PowerShell transcript end
End time: 20260920215554
**********************
