**********************
PowerShell transcript start
Start time: 20260920220100
Username: PA-rowyn\student
RunAs User: PA-rowyn\student
Configuration Name: 
Machine: PA-rowyn (Microsoft Windows NT 10.0.26100.0)
Host Application: C:\Program Files\WindowsApps\Microsoft.PowerShell_7.6.6.0_x64__8wekyb3d8bbwe\pwsh.dll -NoProfile -ExecutionPolicy Bypass -Command Import-Module 'c:\Users\student\.vscode\extensions\ms-vscode.powershell-2025.4.0\modules\PowerShellEditorServices\PowerShellEditorServices.psd1'; Start-EditorServices -HostName 'Visual Studio Code Host' -HostProfileId 'Microsoft.VSCode' -HostVersion '2025.4.0' -BundledModulesPath 'c:\Users\student\.vscode\extensions\ms-vscode.powershell-2025.4.0\modules' -EnableConsoleRepl -StartupBanner "PowerShell Extension v2025.4.0
Copyright (c) Microsoft Corporation.

https://aka.ms/vscode-powershell
Type 'help' to get help.
" -LogLevel 'Warning' -LogPath 'c:\Users\student\AppData\Roaming\Code\logs\20260920T214658\window1\exthost\ms-vscode.powershell' -SessionDetailsPath 'c:\Users\student\AppData\Roaming\Code\User\globalStorage\ms-vscode.powershell\sessions\PSES-VSCode-8204-997311.json' -FeatureFlags @() 
Process ID: 9684
PSVersion: 7.6.6
PSEdition: Core
GitCommitId: 7.6.6
OS: Microsoft Windows 10.0.26100
Platform: Win32NT
PSCompatibleVersions: 1.0, 2.0, 3.0, 4.0, 5.0, 5.1, 6.0, 7.0
PSRemotingProtocolVersion: 2.4
SerializationVersion: 1.1.0.1
WSManStackVersion: 3.0
**********************
Transcript started, output file is ..\output\lm4-resourcegroup.log
Confirm
Provided resource group already exists. Are you sure you want to update it?
&Yes  &No  &Suspend
Y

ResourceGroupName : RG-1001
Location          : centralus
ProvisioningState : Succeeded
Tags              : 
                    Name         Value
                    ===========  =====
                    Department   IT
                    Environment  Test

ResourceId        : /subscriptions/9acdcabc-d661-4005-9354-58da8f13dcb3/resourceGroups/RG-1001


ResourceGroupName : RG-1001
Location          : Central US
Status            : Created

ResourceGroupName : RG-1002
Location          : centralus
ProvisioningState : Succeeded
Tags              : 
                    Name         Value
                    ===========  =====
                    Department   IT
                    Environment  Test

ResourceId        : /subscriptions/9acdcabc-d661-4005-9354-58da8f13dcb3/resourceGroups/RG-1002


ResourceGroupName : RG-1002
Location          : Central US
Status            : Created

ResourceGroupName : RG-1003
Location          : centralus
ProvisioningState : Succeeded
Tags              : 
                    Name         Value
                    ===========  =====
                    Department   IT
                    Environment  Test

ResourceId        : /subscriptions/9acdcabc-d661-4005-9354-58da8f13dcb3/resourceGroups/RG-1003


ResourceGroupName : RG-1003
Location          : Central US
Status            : Created

Script execution completed.
**********************
PowerShell transcript end
End time: 20260920220105
**********************
**********************
PowerShell transcript start
Start time: 20260920220333
Username: PA-rowyn\student
RunAs User: PA-rowyn\student
Configuration Name: 
Machine: PA-rowyn (Microsoft Windows NT 10.0.26100.0)
Host Application: C:\Program Files\WindowsApps\Microsoft.PowerShell_7.6.6.0_x64__8wekyb3d8bbwe\pwsh.dll -NoProfile -ExecutionPolicy Bypass -Command Import-Module 'c:\Users\student\.vscode\extensions\ms-vscode.powershell-2025.4.0\modules\PowerShellEditorServices\PowerShellEditorServices.psd1'; Start-EditorServices -HostName 'Visual Studio Code Host' -HostProfileId 'Microsoft.VSCode' -HostVersion '2025.4.0' -BundledModulesPath 'c:\Users\student\.vscode\extensions\ms-vscode.powershell-2025.4.0\modules' -EnableConsoleRepl -StartupBanner "PowerShell Extension v2025.4.0
Copyright (c) Microsoft Corporation.

https://aka.ms/vscode-powershell
Type 'help' to get help.
" -LogLevel 'Warning' -LogPath 'c:\Users\student\AppData\Roaming\Code\logs\20260920T214658\window1\exthost\ms-vscode.powershell' -SessionDetailsPath 'c:\Users\student\AppData\Roaming\Code\User\globalStorage\ms-vscode.powershell\sessions\PSES-VSCode-8204-997311.json' -FeatureFlags @() 
Process ID: 9684
PSVersion: 7.6.6
PSEdition: Core
GitCommitId: 7.6.6
OS: Microsoft Windows 10.0.26100
Platform: Win32NT
PSCompatibleVersions: 1.0, 2.0, 3.0, 4.0, 5.0, 5.1, 6.0, 7.0
PSRemotingProtocolVersion: 2.4
SerializationVersion: 1.1.0.1
WSManStackVersion: 3.0
**********************
Transcript started, output file is ..\output\lm4-resourcegroup.log
VERBOSE: Processing resource group: RG-2001
VERBOSE: Validation successful for resource group name: RG-2001
VERBOSE: Attempting to create resource group 'RG-2001' in Central US...
VERBOSE: Performing the operation "Create Resource Group" on target "RG-2001".
VERBOSE: 10:03:34 PM - Created resource group 'RG-2001' in location 'centralus'

ResourceGroupName : RG-2001
Location          : centralus
ProvisioningState : Succeeded
Tags              : 
                    Name         Value
                    ===========  =====
                    Department   IT
                    Environment  Test

ResourceId        : /subscriptions/9acdcabc-d661-4005-9354-58da8f13dcb3/resourceGroups/RG-2001

VERBOSE: Resource group 'RG-2001' created successfully.

ResourceGroupName : RG-2001
Location          : Central US
Status            : Created

Script execution completed.
**********************
PowerShell transcript end
End time: 20260920220334
**********************
**********************
PowerShell transcript start
Start time: 20260920220723
Username: PA-rowyn\student
RunAs User: PA-rowyn\student
Configuration Name: 
Machine: PA-rowyn (Microsoft Windows NT 10.0.26100.0)
Host Application: C:\Program Files\WindowsApps\Microsoft.PowerShell_7.6.6.0_x64__8wekyb3d8bbwe\pwsh.dll -NoProfile -ExecutionPolicy Bypass -Command Import-Module 'c:\Users\student\.vscode\extensions\ms-vscode.powershell-2025.4.0\modules\PowerShellEditorServices\PowerShellEditorServices.psd1'; Start-EditorServices -HostName 'Visual Studio Code Host' -HostProfileId 'Microsoft.VSCode' -HostVersion '2025.4.0' -BundledModulesPath 'c:\Users\student\.vscode\extensions\ms-vscode.powershell-2025.4.0\modules' -EnableConsoleRepl -StartupBanner "PowerShell Extension v2025.4.0
Copyright (c) Microsoft Corporation.

https://aka.ms/vscode-powershell
Type 'help' to get help.
" -LogLevel 'Warning' -LogPath 'c:\Users\student\AppData\Roaming\Code\logs\20260920T214658\window1\exthost\ms-vscode.powershell' -SessionDetailsPath 'c:\Users\student\AppData\Roaming\Code\User\globalStorage\ms-vscode.powershell\sessions\PSES-VSCode-8204-997311.json' -FeatureFlags @() 
Process ID: 9684
PSVersion: 7.6.6
PSEdition: Core
GitCommitId: 7.6.6
OS: Microsoft Windows 10.0.26100
Platform: Win32NT
PSCompatibleVersions: 1.0, 2.0, 3.0, 4.0, 5.0, 5.1, 6.0, 7.0
PSRemotingProtocolVersion: 2.4
SerializationVersion: 1.1.0.1
WSManStackVersion: 3.0
**********************
Transcript started, output file is ..\output\lm4-resourcegroup.log

ResourceGroupName : RG-3001
Location          : centralus
ProvisioningState : Succeeded
Tags              : 
                    Name         Value
                    ===========  =====
                    Department   IT
                    Environment  Test

ResourceId        : /subscriptions/9acdcabc-d661-4005-9354-58da8f13dcb3/resourceGroups/RG-3001


ResourceGroupName : RG-3001
Location          : Central US
Status            : Created

ResourceGroupName : RG-3002
Location          : centralus
ProvisioningState : Succeeded
Tags              : 
                    Name         Value
                    ===========  =====
                    Department   IT
                    Environment  Test

ResourceId        : /subscriptions/9acdcabc-d661-4005-9354-58da8f13dcb3/resourceGroups/RG-3002


ResourceGroupName : RG-3002
Location          : Central US
Status            : Created

ResourceGroupName : RG-3003
Location          : centralus
ProvisioningState : Succeeded
Tags              : 
                    Name         Value
                    ===========  =====
                    Department   IT
                    Environment  Test

ResourceId        : /subscriptions/9acdcabc-d661-4005-9354-58da8f13dcb3/resourceGroups/RG-3003


ResourceGroupName : RG-3003
Location          : Central US
Status            : Created

ResourceGroupName : RG-3004
Location          : centralus
ProvisioningState : Succeeded
Tags              : 
                    Name         Value
                    ===========  =====
                    Department   IT
                    Environment  Test

ResourceId        : /subscriptions/9acdcabc-d661-4005-9354-58da8f13dcb3/resourceGroups/RG-3004


ResourceGroupName : RG-3004
Location          : Central US
Status            : Created

ResourceGroupName : RG-3005
Location          : centralus
ProvisioningState : Succeeded
Tags              : 
                    Name         Value
                    ===========  =====
                    Department   IT
                    Environment  Test

ResourceId        : /subscriptions/9acdcabc-d661-4005-9354-58da8f13dcb3/resourceGroups/RG-3005


ResourceGroupName : RG-3005
Location          : Central US
Status            : Created

Script execution completed.
**********************
PowerShell transcript end
End time: 20260920220728
**********************
**********************
PowerShell transcript start
Start time: 20260920221038
Username: PA-rowyn\student
RunAs User: PA-rowyn\student
Configuration Name: 
Machine: PA-rowyn (Microsoft Windows NT 10.0.26100.0)
Host Application: C:\Program Files\WindowsApps\Microsoft.PowerShell_7.6.6.0_x64__8wekyb3d8bbwe\pwsh.dll -NoProfile -ExecutionPolicy Bypass -Command Import-Module 'c:\Users\student\.vscode\extensions\ms-vscode.powershell-2025.4.0\modules\PowerShellEditorServices\PowerShellEditorServices.psd1'; Start-EditorServices -HostName 'Visual Studio Code Host' -HostProfileId 'Microsoft.VSCode' -HostVersion '2025.4.0' -BundledModulesPath 'c:\Users\student\.vscode\extensions\ms-vscode.powershell-2025.4.0\modules' -EnableConsoleRepl -StartupBanner "PowerShell Extension v2025.4.0
Copyright (c) Microsoft Corporation.

https://aka.ms/vscode-powershell
Type 'help' to get help.
" -LogLevel 'Warning' -LogPath 'c:\Users\student\AppData\Roaming\Code\logs\20260920T214658\window1\exthost\ms-vscode.powershell' -SessionDetailsPath 'c:\Users\student\AppData\Roaming\Code\User\globalStorage\ms-vscode.powershell\sessions\PSES-VSCode-8204-997311.json' -FeatureFlags @() 
Process ID: 9684
PSVersion: 7.6.6
PSEdition: Core
GitCommitId: 7.6.6
OS: Microsoft Windows 10.0.26100
Platform: Win32NT
PSCompatibleVersions: 1.0, 2.0, 3.0, 4.0, 5.0, 5.1, 6.0, 7.0
PSRemotingProtocolVersion: 2.4
SerializationVersion: 1.1.0.1
WSManStackVersion: 3.0
**********************
Transcript started, output file is ..\output\lm4-resourcegroup.log

ResourceGroupName : RG-4001
Location          : centralus
ProvisioningState : Succeeded
Tags              : 
                    Name         Value
                    ===========  =====
                    Department   IT
                    Environment  Test

ResourceId        : /subscriptions/9acdcabc-d661-4005-9354-58da8f13dcb3/resourceGroups/RG-4001


ResourceGroupName : RG-4001
Location          : Central US
Status            : Created

ResourceGroupName : RG-4002
Location          : centralus
ProvisioningState : Succeeded
Tags              : 
                    Name         Value
                    ===========  =====
                    Department   IT
                    Environment  Test

ResourceId        : /subscriptions/9acdcabc-d661-4005-9354-58da8f13dcb3/resourceGroups/RG-4002


ResourceGroupName : RG-4002
Location          : Central US
Status            : Created

ResourceGroupName : RG-4003
Location          : centralus
ProvisioningState : Succeeded
Tags              : 
                    Name         Value
                    ===========  =====
                    Department   IT
                    Environment  Test

ResourceId        : /subscriptions/9acdcabc-d661-4005-9354-58da8f13dcb3/resourceGroups/RG-4003


ResourceGroupName : RG-4003
Location          : Central US
Status            : Created

Script execution completed.

===== Execution Summary =====
Total records processed : 3
Created successfully     : 3
Errors                   : 0
Skipped                  : 0
**********************
PowerShell transcript end
End time: 20260920221042
**********************
**********************
PowerShell transcript start
Start time: 20260920221529
Username: PA-rowyn\student
RunAs User: PA-rowyn\student
Configuration Name: 
Machine: PA-rowyn (Microsoft Windows NT 10.0.26100.0)
Host Application: C:\Program Files\WindowsApps\Microsoft.PowerShell_7.6.6.0_x64__8wekyb3d8bbwe\pwsh.dll -NoProfile -ExecutionPolicy Bypass -Command Import-Module 'c:\Users\student\.vscode\extensions\ms-vscode.powershell-2025.4.0\modules\PowerShellEditorServices\PowerShellEditorServices.psd1'; Start-EditorServices -HostName 'Visual Studio Code Host' -HostProfileId 'Microsoft.VSCode' -HostVersion '2025.4.0' -BundledModulesPath 'c:\Users\student\.vscode\extensions\ms-vscode.powershell-2025.4.0\modules' -EnableConsoleRepl -StartupBanner "PowerShell Extension v2025.4.0
Copyright (c) Microsoft Corporation.

https://aka.ms/vscode-powershell
Type 'help' to get help.
" -LogLevel 'Warning' -LogPath 'c:\Users\student\AppData\Roaming\Code\logs\20260920T214658\window1\exthost\ms-vscode.powershell' -SessionDetailsPath 'c:\Users\student\AppData\Roaming\Code\User\globalStorage\ms-vscode.powershell\sessions\PSES-VSCode-8204-997311.json' -FeatureFlags @() 
Process ID: 9684
PSVersion: 7.6.6
PSEdition: Core
GitCommitId: 7.6.6
OS: Microsoft Windows 10.0.26100
Platform: Win32NT
PSCompatibleVersions: 1.0, 2.0, 3.0, 4.0, 5.0, 5.1, 6.0, 7.0
PSRemotingProtocolVersion: 2.4
SerializationVersion: 1.1.0.1
WSManStackVersion: 3.0
**********************
Confirm
Provided resource group already exists. Are you sure you want to update it?
&Yes  &No  &Suspend
Y
Script execution completed.

===== Execution Summary =====
Total records processed : 1
Created successfully     : 1
Errors                   : 0
Skipped                  : 0
**********************
PowerShell transcript end
End time: 20260920221551
**********************
**********************
PowerShell transcript start
Start time: 20260920221552
Username: PA-rowyn\student
RunAs User: PA-rowyn\student
Configuration Name: 
Machine: PA-rowyn (Microsoft Windows NT 10.0.26100.0)
Host Application: C:\Program Files\WindowsApps\Microsoft.PowerShell_7.6.6.0_x64__8wekyb3d8bbwe\pwsh.dll -NoProfile -ExecutionPolicy Bypass -Command Import-Module 'c:\Users\student\.vscode\extensions\ms-vscode.powershell-2025.4.0\modules\PowerShellEditorServices\PowerShellEditorServices.psd1'; Start-EditorServices -HostName 'Visual Studio Code Host' -HostProfileId 'Microsoft.VSCode' -HostVersion '2025.4.0' -BundledModulesPath 'c:\Users\student\.vscode\extensions\ms-vscode.powershell-2025.4.0\modules' -EnableConsoleRepl -StartupBanner "PowerShell Extension v2025.4.0
Copyright (c) Microsoft Corporation.

https://aka.ms/vscode-powershell
Type 'help' to get help.
" -LogLevel 'Warning' -LogPath 'c:\Users\student\AppData\Roaming\Code\logs\20260920T214658\window1\exthost\ms-vscode.powershell' -SessionDetailsPath 'c:\Users\student\AppData\Roaming\Code\User\globalStorage\ms-vscode.powershell\sessions\PSES-VSCode-8204-997311.json' -FeatureFlags @() 
Process ID: 9684
PSVersion: 7.6.6
PSEdition: Core
GitCommitId: 7.6.6
OS: Microsoft Windows 10.0.26100
Platform: Win32NT
PSCompatibleVersions: 1.0, 2.0, 3.0, 4.0, 5.0, 5.1, 6.0, 7.0
PSRemotingProtocolVersion: 2.4
SerializationVersion: 1.1.0.1
WSManStackVersion: 3.0
**********************
Script execution completed.

===== Execution Summary =====
Total records processed : 1
Created successfully     : 1
Errors                   : 0
Skipped                  : 0
**********************
PowerShell transcript end
End time: 20260920221553
**********************
**********************
PowerShell transcript start
Start time: 20260920221553
Username: PA-rowyn\student
RunAs User: PA-rowyn\student
Configuration Name: 
Machine: PA-rowyn (Microsoft Windows NT 10.0.26100.0)
Host Application: C:\Program Files\WindowsApps\Microsoft.PowerShell_7.6.6.0_x64__8wekyb3d8bbwe\pwsh.dll -NoProfile -ExecutionPolicy Bypass -Command Import-Module 'c:\Users\student\.vscode\extensions\ms-vscode.powershell-2025.4.0\modules\PowerShellEditorServices\PowerShellEditorServices.psd1'; Start-EditorServices -HostName 'Visual Studio Code Host' -HostProfileId 'Microsoft.VSCode' -HostVersion '2025.4.0' -BundledModulesPath 'c:\Users\student\.vscode\extensions\ms-vscode.powershell-2025.4.0\modules' -EnableConsoleRepl -StartupBanner "PowerShell Extension v2025.4.0
Copyright (c) Microsoft Corporation.

https://aka.ms/vscode-powershell
Type 'help' to get help.
" -LogLevel 'Warning' -LogPath 'c:\Users\student\AppData\Roaming\Code\logs\20260920T214658\window1\exthost\ms-vscode.powershell' -SessionDetailsPath 'c:\Users\student\AppData\Roaming\Code\User\globalStorage\ms-vscode.powershell\sessions\PSES-VSCode-8204-997311.json' -FeatureFlags @() 
Process ID: 9684
PSVersion: 7.6.6
PSEdition: Core
GitCommitId: 7.6.6
OS: Microsoft Windows 10.0.26100
Platform: Win32NT
PSCompatibleVersions: 1.0, 2.0, 3.0, 4.0, 5.0, 5.1, 6.0, 7.0
PSRemotingProtocolVersion: 2.4
SerializationVersion: 1.1.0.1
WSManStackVersion: 3.0
**********************
Script execution completed.

===== Execution Summary =====
Total records processed : 2
Created successfully     : 2
Errors                   : 0
Skipped                  : 0
**********************
PowerShell transcript end
End time: 20260920221555
**********************
**********************
PowerShell transcript start
Start time: 20260920221706
Username: PA-rowyn\student
RunAs User: PA-rowyn\student
Configuration Name: 
Machine: PA-rowyn (Microsoft Windows NT 10.0.26100.0)
Host Application: C:\Program Files\WindowsApps\Microsoft.PowerShell_7.6.6.0_x64__8wekyb3d8bbwe\pwsh.dll -NoProfile -ExecutionPolicy Bypass -Command Import-Module 'c:\Users\student\.vscode\extensions\ms-vscode.powershell-2025.4.0\modules\PowerShellEditorServices\PowerShellEditorServices.psd1'; Start-EditorServices -HostName 'Visual Studio Code Host' -HostProfileId 'Microsoft.VSCode' -HostVersion '2025.4.0' -BundledModulesPath 'c:\Users\student\.vscode\extensions\ms-vscode.powershell-2025.4.0\modules' -EnableConsoleRepl -StartupBanner "PowerShell Extension v2025.4.0
Copyright (c) Microsoft Corporation.

https://aka.ms/vscode-powershell
Type 'help' to get help.
" -LogLevel 'Warning' -LogPath 'c:\Users\student\AppData\Roaming\Code\logs\20260920T214658\window1\exthost\ms-vscode.powershell' -SessionDetailsPath 'c:\Users\student\AppData\Roaming\Code\User\globalStorage\ms-vscode.powershell\sessions\PSES-VSCode-8204-997311.json' -FeatureFlags @() 
Process ID: 9684
PSVersion: 7.6.6
PSEdition: Core
GitCommitId: 7.6.6
OS: Microsoft Windows 10.0.26100
Platform: Win32NT
PSCompatibleVersions: 1.0, 2.0, 3.0, 4.0, 5.0, 5.1, 6.0, 7.0
PSRemotingProtocolVersion: 2.4
SerializationVersion: 1.1.0.1
WSManStackVersion: 3.0
**********************
Confirm
Provided resource group already exists. Are you sure you want to update it?
&Yes  &No  &Suspend
Y
Script execution completed.

===== Execution Summary =====
Total records processed : 1
Created successfully     : 1
Errors                   : 0
Skipped                  : 0
**********************
PowerShell transcript end
End time: 20260920221709
**********************
**********************
PowerShell transcript start
Start time: 20260920221709
Username: PA-rowyn\student
RunAs User: PA-rowyn\student
Configuration Name: 
Machine: PA-rowyn (Microsoft Windows NT 10.0.26100.0)
Host Application: C:\Program Files\WindowsApps\Microsoft.PowerShell_7.6.6.0_x64__8wekyb3d8bbwe\pwsh.dll -NoProfile -ExecutionPolicy Bypass -Command Import-Module 'c:\Users\student\.vscode\extensions\ms-vscode.powershell-2025.4.0\modules\PowerShellEditorServices\PowerShellEditorServices.psd1'; Start-EditorServices -HostName 'Visual Studio Code Host' -HostProfileId 'Microsoft.VSCode' -HostVersion '2025.4.0' -BundledModulesPath 'c:\Users\student\.vscode\extensions\ms-vscode.powershell-2025.4.0\modules' -EnableConsoleRepl -StartupBanner "PowerShell Extension v2025.4.0
Copyright (c) Microsoft Corporation.

https://aka.ms/vscode-powershell
Type 'help' to get help.
" -LogLevel 'Warning' -LogPath 'c:\Users\student\AppData\Roaming\Code\logs\20260920T214658\window1\exthost\ms-vscode.powershell' -SessionDetailsPath 'c:\Users\student\AppData\Roaming\Code\User\globalStorage\ms-vscode.powershell\sessions\PSES-VSCode-8204-997311.json' -FeatureFlags @() 
Process ID: 9684
PSVersion: 7.6.6
PSEdition: Core
GitCommitId: 7.6.6
OS: Microsoft Windows 10.0.26100
Platform: Win32NT
PSCompatibleVersions: 1.0, 2.0, 3.0, 4.0, 5.0, 5.1, 6.0, 7.0
PSRemotingProtocolVersion: 2.4
SerializationVersion: 1.1.0.1
WSManStackVersion: 3.0
**********************
Confirm
Provided resource group already exists. Are you sure you want to update it?
&Yes  &No  &Suspend
Y
Script execution completed.

===== Execution Summary =====
Total records processed : 1
Created successfully     : 1
Errors                   : 0
Skipped                  : 0
**********************
PowerShell transcript end
End time: 20260920221712
**********************
**********************
PowerShell transcript start
Start time: 20260920221712
Username: PA-rowyn\student
RunAs User: PA-rowyn\student
Configuration Name: 
Machine: PA-rowyn (Microsoft Windows NT 10.0.26100.0)
Host Application: C:\Program Files\WindowsApps\Microsoft.PowerShell_7.6.6.0_x64__8wekyb3d8bbwe\pwsh.dll -NoProfile -ExecutionPolicy Bypass -Command Import-Module 'c:\Users\student\.vscode\extensions\ms-vscode.powershell-2025.4.0\modules\PowerShellEditorServices\PowerShellEditorServices.psd1'; Start-EditorServices -HostName 'Visual Studio Code Host' -HostProfileId 'Microsoft.VSCode' -HostVersion '2025.4.0' -BundledModulesPath 'c:\Users\student\.vscode\extensions\ms-vscode.powershell-2025.4.0\modules' -EnableConsoleRepl -StartupBanner "PowerShell Extension v2025.4.0
Copyright (c) Microsoft Corporation.

https://aka.ms/vscode-powershell
Type 'help' to get help.
" -LogLevel 'Warning' -LogPath 'c:\Users\student\AppData\Roaming\Code\logs\20260920T214658\window1\exthost\ms-vscode.powershell' -SessionDetailsPath 'c:\Users\student\AppData\Roaming\Code\User\globalStorage\ms-vscode.powershell\sessions\PSES-VSCode-8204-997311.json' -FeatureFlags @() 
Process ID: 9684
PSVersion: 7.6.6
PSEdition: Core
GitCommitId: 7.6.6
OS: Microsoft Windows 10.0.26100
Platform: Win32NT
PSCompatibleVersions: 1.0, 2.0, 3.0, 4.0, 5.0, 5.1, 6.0, 7.0
PSRemotingProtocolVersion: 2.4
SerializationVersion: 1.1.0.1
WSManStackVersion: 3.0
**********************
Confirm
Provided resource group already exists. Are you sure you want to update it?
&Yes  &No  &Suspend
Y
Confirm
Provided resource group already exists. Are you sure you want to update it?
&Yes  &No  &Suspend
Y
Script execution completed.

===== Execution Summary =====
Total records processed : 2
Created successfully     : 2
Errors                   : 0
Skipped                  : 0
**********************
PowerShell transcript end
End time: 20260920221716
**********************
**********************
PowerShell transcript start
Start time: 20260920221958
Username: PA-rowyn\student
RunAs User: PA-rowyn\student
Configuration Name: 
Machine: PA-rowyn (Microsoft Windows NT 10.0.26100.0)
Host Application: C:\Program Files\WindowsApps\Microsoft.PowerShell_7.6.6.0_x64__8wekyb3d8bbwe\pwsh.dll -NoProfile -ExecutionPolicy Bypass -Command Import-Module 'c:\Users\student\.vscode\extensions\ms-vscode.powershell-2025.4.0\modules\PowerShellEditorServices\PowerShellEditorServices.psd1'; Start-EditorServices -HostName 'Visual Studio Code Host' -HostProfileId 'Microsoft.VSCode' -HostVersion '2025.4.0' -BundledModulesPath 'c:\Users\student\.vscode\extensions\ms-vscode.powershell-2025.4.0\modules' -EnableConsoleRepl -StartupBanner "PowerShell Extension v2025.4.0
Copyright (c) Microsoft Corporation.

https://aka.ms/vscode-powershell
Type 'help' to get help.
" -LogLevel 'Warning' -LogPath 'c:\Users\student\AppData\Roaming\Code\logs\20260920T214658\window1\exthost\ms-vscode.powershell' -SessionDetailsPath 'c:\Users\student\AppData\Roaming\Code\User\globalStorage\ms-vscode.powershell\sessions\PSES-VSCode-8204-997311.json' -FeatureFlags @() 
Process ID: 9684
PSVersion: 7.6.6
PSEdition: Core
GitCommitId: 7.6.6
OS: Microsoft Windows 10.0.26100
Platform: Win32NT
PSCompatibleVersions: 1.0, 2.0, 3.0, 4.0, 5.0, 5.1, 6.0, 7.0
PSRemotingProtocolVersion: 2.4
SerializationVersion: 1.1.0.1
WSManStackVersion: 3.0
**********************
Confirm
Provided resource group already exists. Are you sure you want to update it?
&Yes  &No  &Suspend
Y
Script execution completed.

===== Execution Summary =====
Total records processed : 1
Created successfully     : 1
Errors                   : 0
Skipped                  : 0
**********************
PowerShell transcript end
End time: 20260920222001
**********************
**********************
PowerShell transcript start
Start time: 20260920222001
Username: PA-rowyn\student
RunAs User: PA-rowyn\student
Configuration Name: 
Machine: PA-rowyn (Microsoft Windows NT 10.0.26100.0)
Host Application: C:\Program Files\WindowsApps\Microsoft.PowerShell_7.6.6.0_x64__8wekyb3d8bbwe\pwsh.dll -NoProfile -ExecutionPolicy Bypass -Command Import-Module 'c:\Users\student\.vscode\extensions\ms-vscode.powershell-2025.4.0\modules\PowerShellEditorServices\PowerShellEditorServices.psd1'; Start-EditorServices -HostName 'Visual Studio Code Host' -HostProfileId 'Microsoft.VSCode' -HostVersion '2025.4.0' -BundledModulesPath 'c:\Users\student\.vscode\extensions\ms-vscode.powershell-2025.4.0\modules' -EnableConsoleRepl -StartupBanner "PowerShell Extension v2025.4.0
Copyright (c) Microsoft Corporation.

https://aka.ms/vscode-powershell
Type 'help' to get help.
" -LogLevel 'Warning' -LogPath 'c:\Users\student\AppData\Roaming\Code\logs\20260920T214658\window1\exthost\ms-vscode.powershell' -SessionDetailsPath 'c:\Users\student\AppData\Roaming\Code\User\globalStorage\ms-vscode.powershell\sessions\PSES-VSCode-8204-997311.json' -FeatureFlags @() 
Process ID: 9684
PSVersion: 7.6.6
PSEdition: Core
GitCommitId: 7.6.6
OS: Microsoft Windows 10.0.26100
Platform: Win32NT
PSCompatibleVersions: 1.0, 2.0, 3.0, 4.0, 5.0, 5.1, 6.0, 7.0
PSRemotingProtocolVersion: 2.4
SerializationVersion: 1.1.0.1
WSManStackVersion: 3.0
**********************
Confirm
Provided resource group already exists. Are you sure you want to update it?
&Yes  &No  &Suspend
Y
Script execution completed.

===== Execution Summary =====
Total records processed : 1
Created successfully     : 1
Errors                   : 0
Skipped                  : 0
**********************
PowerShell transcript end
End time: 20260920222002
**********************
**********************
PowerShell transcript start
Start time: 20260920222003
Username: PA-rowyn\student
RunAs User: PA-rowyn\student
Configuration Name: 
Machine: PA-rowyn (Microsoft Windows NT 10.0.26100.0)
Host Application: C:\Program Files\WindowsApps\Microsoft.PowerShell_7.6.6.0_x64__8wekyb3d8bbwe\pwsh.dll -NoProfile -ExecutionPolicy Bypass -Command Import-Module 'c:\Users\student\.vscode\extensions\ms-vscode.powershell-2025.4.0\modules\PowerShellEditorServices\PowerShellEditorServices.psd1'; Start-EditorServices -HostName 'Visual Studio Code Host' -HostProfileId 'Microsoft.VSCode' -HostVersion '2025.4.0' -BundledModulesPath 'c:\Users\student\.vscode\extensions\ms-vscode.powershell-2025.4.0\modules' -EnableConsoleRepl -StartupBanner "PowerShell Extension v2025.4.0
Copyright (c) Microsoft Corporation.

https://aka.ms/vscode-powershell
Type 'help' to get help.
" -LogLevel 'Warning' -LogPath 'c:\Users\student\AppData\Roaming\Code\logs\20260920T214658\window1\exthost\ms-vscode.powershell' -SessionDetailsPath 'c:\Users\student\AppData\Roaming\Code\User\globalStorage\ms-vscode.powershell\sessions\PSES-VSCode-8204-997311.json' -FeatureFlags @() 
Process ID: 9684
PSVersion: 7.6.6
PSEdition: Core
GitCommitId: 7.6.6
OS: Microsoft Windows 10.0.26100
Platform: Win32NT
PSCompatibleVersions: 1.0, 2.0, 3.0, 4.0, 5.0, 5.1, 6.0, 7.0
PSRemotingProtocolVersion: 2.4
SerializationVersion: 1.1.0.1
WSManStackVersion: 3.0
**********************
Confirm
Provided resource group already exists. Are you sure you want to update it?
&Yes  &No  &Suspend
Y
Confirm
Provided resource group already exists. Are you sure you want to update it?
&Yes  &No  &Suspend
Y
Script execution completed.

===== Execution Summary =====
Total records processed : 2
Created successfully     : 2
Errors                   : 0
Skipped                  : 0
**********************
PowerShell transcript end
End time: 20260920222006
**********************
